// Jest Snapshot v1, https://goo.gl/fbAQLP

exports[`counter render correctly 1`] = `
<View
  style={
    Object {
      "alignItems": "center",
      "flex": 1,
      "justifyContent": "center",
    }
  }
>
  <Button
    buttonName="Increment"
    onPress={[MockFunction]}
  />
  <Text
    style={
      Object {
        "color": "#000",
        "fontSize": 20,
        "margin": 5,
      }
    }
  >
    0
  </Text>
  <Button
    buttonName="Decrement"
    onPress={[MockFunction]}
  />
</View>
`;
